Archive member included because of file (symbol)

D:/Escritorio/Semestre i/Microcontroladores/CW MCU v10.7/MCU/ARM_GCC_Support/ewl/lib/armv6-m\libc.a(exit.o)
                              ./Project_Settings/Startup_Code/__arm_start.o (exit)
D:/Escritorio/Semestre i/Microcontroladores/CW MCU v10.7/MCU/ARM_GCC_Support/ewl/lib/armv6-m\libc.a(memset.o)
                              ./Project_Settings/Startup_Code/__arm_start.o (memset)
D:/Escritorio/Semestre i/Microcontroladores/CW MCU v10.7/MCU/ARM_GCC_Support/ewl/lib/armv6-m\libc.a(__filll_mem.o)
                              D:/Escritorio/Semestre i/Microcontroladores/CW MCU v10.7/MCU/ARM_GCC_Support/ewl/lib/armv6-m\libc.a(memset.o) (__fill_mem)
D:/Escritorio/Semestre i/Microcontroladores/CW MCU v10.7/MCU/ARM_GCC_Support/ewl/lib/armv6-m\libc.a(printformat_.o)
                              (__pformatter_)
D:/Escritorio/Semestre i/Microcontroladores/CW MCU v10.7/MCU/ARM_GCC_Support/ewl/lib/armv6-m\libc.a(scanformat_.o)
                              (__sformatter)
D:/Escritorio/Semestre i/Microcontroladores/CW MCU v10.7/MCU/ARM_GCC_Support/ewl/lib/armv6-m\libc.a(ctype_aeabi.o)
                              D:/Escritorio/Semestre i/Microcontroladores/CW MCU v10.7/MCU/ARM_GCC_Support/ewl/lib/armv6-m\libc.a(scanformat_.o) (isspace)
D:/Escritorio/Semestre i/Microcontroladores/CW MCU v10.7/MCU/ARM_GCC_Support/ewl/lib/armv6-m\libc.a(__strtoul.o)
                              D:/Escritorio/Semestre i/Microcontroladores/CW MCU v10.7/MCU/ARM_GCC_Support/ewl/lib/armv6-m\libc.a(scanformat_.o) (__strtoul)
D:/Escritorio/Semestre i/Microcontroladores/CW MCU v10.7/MCU/ARM_GCC_Support/ewl/lib/armv6-m\libc.a(strchr.o)
                              D:/Escritorio/Semestre i/Microcontroladores/CW MCU v10.7/MCU/ARM_GCC_Support/ewl/lib/armv6-m\libc.a(printformat_.o) (strchr)
D:/Escritorio/Semestre i/Microcontroladores/CW MCU v10.7/MCU/ARM_GCC_Support/ewl/lib/armv6-m\libc.a(memcpy.o)
                              D:/Escritorio/Semestre i/Microcontroladores/CW MCU v10.7/MCU/ARM_GCC_Support/ewl/lib/armv6-m\libc.a(scanformat_.o) (memcpy)
D:/Escritorio/Semestre i/Microcontroladores/CW MCU v10.7/MCU/ARM_GCC_Support/ewl/lib/armv6-m\libc.a(strlen.o)
                              D:/Escritorio/Semestre i/Microcontroladores/CW MCU v10.7/MCU/ARM_GCC_Support/ewl/lib/armv6-m\libc.a(printformat_.o) (strlen)
D:/Escritorio/Semestre i/Microcontroladores/CW MCU v10.7/MCU/ARM_GCC_Support/ewl/lib/armv6-m\libc.a(memchr.o)
                              D:/Escritorio/Semestre i/Microcontroladores/CW MCU v10.7/MCU/ARM_GCC_Support/ewl/lib/armv6-m\libc.a(printformat_.o) (memchr)
d:/escritorio/semestre i/microcontroladores/cw mcu v10.7/cross_tools/arm-none-eabi-gcc-4_7_3/bin/../lib/gcc/arm-none-eabi/4.7.3/armv6-m\libgcc.a(_thumb1_case_sqi.o)
                              D:/Escritorio/Semestre i/Microcontroladores/CW MCU v10.7/MCU/ARM_GCC_Support/ewl/lib/armv6-m\libc.a(__strtoul.o) (__gnu_thumb1_case_sqi)
d:/escritorio/semestre i/microcontroladores/cw mcu v10.7/cross_tools/arm-none-eabi-gcc-4_7_3/bin/../lib/gcc/arm-none-eabi/4.7.3/armv6-m\libgcc.a(_thumb1_case_uqi.o)
                              D:/Escritorio/Semestre i/Microcontroladores/CW MCU v10.7/MCU/ARM_GCC_Support/ewl/lib/armv6-m\libc.a(scanformat_.o) (__gnu_thumb1_case_uqi)
d:/escritorio/semestre i/microcontroladores/cw mcu v10.7/cross_tools/arm-none-eabi-gcc-4_7_3/bin/../lib/gcc/arm-none-eabi/4.7.3/armv6-m\libgcc.a(_udivsi3.o)
                              ./Sources/conversion_ADC.o (__aeabi_uidiv)
d:/escritorio/semestre i/microcontroladores/cw mcu v10.7/cross_tools/arm-none-eabi-gcc-4_7_3/bin/../lib/gcc/arm-none-eabi/4.7.3/armv6-m\libgcc.a(_dvmd_tls.o)
                              d:/escritorio/semestre i/microcontroladores/cw mcu v10.7/cross_tools/arm-none-eabi-gcc-4_7_3/bin/../lib/gcc/arm-none-eabi/4.7.3/armv6-m\libgcc.a(_udivsi3.o) (__aeabi_idiv0)
D:/Escritorio/Semestre i/Microcontroladores/CW MCU v10.7/MCU/ARM_GCC_Support/ewl/lib/armv6-m\librt.a(gcc_ctor_dtor.o)
                              ./Project_Settings/Startup_Code/__arm_start.o (__init_cpp)
D:/Escritorio/Semestre i/Microcontroladores/CW MCU v10.7/MCU/ARM_GCC_Support/ewl/lib/armv6-m\librt.a(__arm_eabi_init.o)
                              D:/Escritorio/Semestre i/Microcontroladores/CW MCU v10.7/MCU/ARM_GCC_Support/ewl/lib/armv6-m\libc.a(exit.o) (__destroy_global_chain)
D:/Escritorio/Semestre i/Microcontroladores/CW MCU v10.7/MCU/ARM_GCC_Support/ewl/lib/armv6-m\librt.a(ROMCopy.o)
                              ./Project_Settings/Startup_Code/__arm_start.o (__copy_rom_sections_to_ram)

Allocating common symbols
Common symbol       size              file

data_recieve2       0x4               ./Sources/UART_driverU.o
transmisiongbl      0x4               ./Sources/UART_driverU.o
dato                0x1               ./Sources/main.o
data_recieve1       0x4               ./Sources/UART_driverU.o

Discarded input sections

 .text          0x00000000        0x0 ./Project_Settings/Startup_Code/kinetis_sysinit.o
 .data          0x00000000        0x0 ./Project_Settings/Startup_Code/kinetis_sysinit.o
 .bss           0x00000000        0x0 ./Project_Settings/Startup_Code/kinetis_sysinit.o
 .text          0x00000000        0x0 ./Project_Settings/Startup_Code/__arm_start.o
 .data          0x00000000        0x0 ./Project_Settings/Startup_Code/__arm_start.o
 .bss           0x00000000        0x0 ./Project_Settings/Startup_Code/__arm_start.o
 .text.__iar_program_start
                0x00000000        0x4 ./Project_Settings/Startup_Code/__arm_start.o
 .text          0x00000000        0x0 ./Project_Settings/Startup_Code/__arm_end.o
 .data          0x00000000        0x0 ./Project_Settings/Startup_Code/__arm_end.o
 .bss           0x00000000        0x0 ./Project_Settings/Startup_Code/__arm_end.o
 .text          0x00000000        0x0 ./Sources/sa_mtb.o
 .data          0x00000000        0x0 ./Sources/sa_mtb.o
 .bss           0x00000000        0x0 ./Sources/sa_mtb.o
 .debug_info    0x00000000       0x21 ./Sources/sa_mtb.o
 .debug_abbrev  0x00000000       0x12 ./Sources/sa_mtb.o
 .debug_aranges
                0x00000000       0x18 ./Sources/sa_mtb.o
 .debug_macinfo
                0x00000000     0x24d8 ./Sources/sa_mtb.o
 .debug_line    0x00000000       0xc9 ./Sources/sa_mtb.o
 .debug_str     0x00000000       0x86 ./Sources/sa_mtb.o
 .comment       0x00000000       0x7a ./Sources/sa_mtb.o
 .ARM.attributes
                0x00000000       0x31 ./Sources/sa_mtb.o
 .text          0x00000000        0x0 ./Sources/main.o
 .data          0x00000000        0x0 ./Sources/main.o
 .bss           0x00000000        0x0 ./Sources/main.o
 .text          0x00000000        0x0 ./Sources/conversion_ADC.o
 .data          0x00000000        0x0 ./Sources/conversion_ADC.o
 .bss           0x00000000        0x0 ./Sources/conversion_ADC.o
 .rodata.Tabla_Termopar
                0x00000000      0x528 ./Sources/conversion_ADC.o
 .text.medidor_init
                0x00000000       0x10 ./Sources/conversion_ADC.o
 .text.conversion
                0x00000000      0x100 ./Sources/conversion_ADC.o
 .debug_info    0x00000000      0x17a ./Sources/conversion_ADC.o
 .debug_abbrev  0x00000000       0xce ./Sources/conversion_ADC.o
 .debug_loc     0x00000000       0x64 ./Sources/conversion_ADC.o
 .debug_aranges
                0x00000000       0x28 ./Sources/conversion_ADC.o
 .debug_macinfo
                0x00000000    0x265b7 ./Sources/conversion_ADC.o
 .debug_line    0x00000000      0x24c ./Sources/conversion_ADC.o
 .debug_str     0x00000000      0x1ef ./Sources/conversion_ADC.o
 .comment       0x00000000       0x7a ./Sources/conversion_ADC.o
 .ARM.attributes
                0x00000000       0x31 ./Sources/conversion_ADC.o
 .debug_frame   0x00000000       0x4c ./Sources/conversion_ADC.o
 .text          0x00000000        0x0 ./Sources/UART_driverU.o
 .data          0x00000000        0x0 ./Sources/UART_driverU.o
 .bss           0x00000000        0x0 ./Sources/UART_driverU.o
 .text          0x00000000        0x0 ./Sources/LPTMR_driver.o
 .data          0x00000000        0x0 ./Sources/LPTMR_driver.o
 .bss           0x00000000        0x0 ./Sources/LPTMR_driver.o
 .text.LPTMR_Init
                0x00000000       0x30 ./Sources/LPTMR_driver.o
 .text.LPTMR_interrupt
                0x00000000       0x2c ./Sources/LPTMR_driver.o
 .text.LPTMR_delay
                0x00000000       0x64 ./Sources/LPTMR_driver.o
 .debug_info    0x00000000      0x380 ./Sources/LPTMR_driver.o
 .debug_abbrev  0x00000000      0x108 ./Sources/LPTMR_driver.o
 .debug_loc     0x00000000       0x9c ./Sources/LPTMR_driver.o
 .debug_aranges
                0x00000000       0x30 ./Sources/LPTMR_driver.o
 .debug_macinfo
                0x00000000    0x26521 ./Sources/LPTMR_driver.o
 .debug_line    0x00000000      0x233 ./Sources/LPTMR_driver.o
 .debug_str     0x00000000      0x262 ./Sources/LPTMR_driver.o
 .comment       0x00000000       0x7a ./Sources/LPTMR_driver.o
 .ARM.attributes
                0x00000000       0x31 ./Sources/LPTMR_driver.o
 .debug_frame   0x00000000       0x6c ./Sources/LPTMR_driver.o
 .text          0x00000000        0x0 ./Sources/ADC0_driver.o
 .data          0x00000000        0x0 ./Sources/ADC0_driver.o
 .bss           0x00000000        0x0 ./Sources/ADC0_driver.o
 .text.ADC_Init
                0x00000000       0x60 ./Sources/ADC0_driver.o
 .text.ADC_Polling
                0x00000000       0x48 ./Sources/ADC0_driver.o
 .debug_info    0x00000000      0x4d2 ./Sources/ADC0_driver.o
 .debug_abbrev  0x00000000      0x11a ./Sources/ADC0_driver.o
 .debug_loc     0x00000000       0x70 ./Sources/ADC0_driver.o
 .debug_aranges
                0x00000000       0x28 ./Sources/ADC0_driver.o
 .debug_macinfo
                0x00000000    0x26505 ./Sources/ADC0_driver.o
 .debug_line    0x00000000      0x22e ./Sources/ADC0_driver.o
 .debug_str     0x00000000      0x2d2 ./Sources/ADC0_driver.o
 .comment       0x00000000       0x7a ./Sources/ADC0_driver.o
 .ARM.attributes
                0x00000000       0x31 ./Sources/ADC0_driver.o
 .debug_frame   0x00000000       0x50 ./Sources/ADC0_driver.o
 .text          0x00000000        0x0 D:/Escritorio/Semestre i/Microcontroladores/CW MCU v10.7/MCU/ARM_GCC_Support/ewl/lib/armv6-m\libc.a(exit.o)
 .data          0x00000000        0x0 D:/Escritorio/Semestre i/Microcontroladores/CW MCU v10.7/MCU/ARM_GCC_Support/ewl/lib/armv6-m\libc.a(exit.o)
 .bss           0x00000000        0x0 D:/Escritorio/Semestre i/Microcontroladores/CW MCU v10.7/MCU/ARM_GCC_Support/ewl/lib/armv6-m\libc.a(exit.o)
 .text          0x00000000        0x0 D:/Escritorio/Semestre i/Microcontroladores/CW MCU v10.7/MCU/ARM_GCC_Support/ewl/lib/armv6-m\libc.a(memset.o)
 .data          0x00000000        0x0 D:/Escritorio/Semestre i/Microcontroladores/CW MCU v10.7/MCU/ARM_GCC_Support/ewl/lib/armv6-m\libc.a(memset.o)
 .bss           0x00000000        0x0 D:/Escritorio/Semestre i/Microcontroladores/CW MCU v10.7/MCU/ARM_GCC_Support/ewl/lib/armv6-m\libc.a(memset.o)
 .text          0x00000000        0x0 D:/Escritorio/Semestre i/Microcontroladores/CW MCU v10.7/MCU/ARM_GCC_Support/ewl/lib/armv6-m\libc.a(__filll_mem.o)
 .data          0x00000000        0x0 D:/Escritorio/Semestre i/Microcontroladores/CW MCU v10.7/MCU/ARM_GCC_Support/ewl/lib/armv6-m\libc.a(__filll_mem.o)
 .bss           0x00000000        0x0 D:/Escritorio/Semestre i/Microcontroladores/CW MCU v10.7/MCU/ARM_GCC_Support/ewl/lib/armv6-m\libc.a(__filll_mem.o)
 .text          0x00000000        0x0 D:/Escritorio/Semestre i/Microcontroladores/CW MCU v10.7/MCU/ARM_GCC_Support/ewl/lib/armv6-m\libc.a(printformat_.o)
 .data          0x00000000        0x0 D:/Escritorio/Semestre i/Microcontroladores/CW MCU v10.7/MCU/ARM_GCC_Support/ewl/lib/armv6-m\libc.a(printformat_.o)
 .bss           0x00000000        0x0 D:/Escritorio/Semestre i/Microcontroladores/CW MCU v10.7/MCU/ARM_GCC_Support/ewl/lib/armv6-m\libc.a(printformat_.o)
 .text          0x00000000        0x0 D:/Escritorio/Semestre i/Microcontroladores/CW MCU v10.7/MCU/ARM_GCC_Support/ewl/lib/armv6-m\libc.a(scanformat_.o)
 .data          0x00000000        0x0 D:/Escritorio/Semestre i/Microcontroladores/CW MCU v10.7/MCU/ARM_GCC_Support/ewl/lib/armv6-m\libc.a(scanformat_.o)
 .bss           0x00000000        0x0 D:/Escritorio/Semestre i/Microcontroladores/CW MCU v10.7/MCU/ARM_GCC_Support/ewl/lib/armv6-m\libc.a(scanformat_.o)
 .text          0x00000000        0x0 D:/Escritorio/Semestre i/Microcontroladores/CW MCU v10.7/MCU/ARM_GCC_Support/ewl/lib/armv6-m\libc.a(ctype_aeabi.o)
 .data          0x00000000        0x0 D:/Escritorio/Semestre i/Microcontroladores/CW MCU v10.7/MCU/ARM_GCC_Support/ewl/lib/armv6-m\libc.a(ctype_aeabi.o)
 .bss           0x00000000        0x0 D:/Escritorio/Semestre i/Microcontroladores/CW MCU v10.7/MCU/ARM_GCC_Support/ewl/lib/armv6-m\libc.a(ctype_aeabi.o)
 .text.isalnum  0x00000000       0x1c D:/Escritorio/Semestre i/Microcontroladores/CW MCU v10.7/MCU/ARM_GCC_Support/ewl/lib/armv6-m\libc.a(ctype_aeabi.o)
 .text.iscntrl  0x00000000       0x20 D:/Escritorio/Semestre i/Microcontroladores/CW MCU v10.7/MCU/ARM_GCC_Support/ewl/lib/armv6-m\libc.a(ctype_aeabi.o)
 .text.isdigit  0x00000000        0xe D:/Escritorio/Semestre i/Microcontroladores/CW MCU v10.7/MCU/ARM_GCC_Support/ewl/lib/armv6-m\libc.a(ctype_aeabi.o)
 .text.isgraph  0x00000000       0x1c D:/Escritorio/Semestre i/Microcontroladores/CW MCU v10.7/MCU/ARM_GCC_Support/ewl/lib/armv6-m\libc.a(ctype_aeabi.o)
 .text.islower  0x00000000       0x20 D:/Escritorio/Semestre i/Microcontroladores/CW MCU v10.7/MCU/ARM_GCC_Support/ewl/lib/armv6-m\libc.a(ctype_aeabi.o)
 .text.isprint  0x00000000       0x1c D:/Escritorio/Semestre i/Microcontroladores/CW MCU v10.7/MCU/ARM_GCC_Support/ewl/lib/armv6-m\libc.a(ctype_aeabi.o)
 .text.ispunct  0x00000000       0x20 D:/Escritorio/Semestre i/Microcontroladores/CW MCU v10.7/MCU/ARM_GCC_Support/ewl/lib/armv6-m\libc.a(ctype_aeabi.o)
 .text.isupper  0x00000000       0x20 D:/Escritorio/Semestre i/Microcontroladores/CW MCU v10.7/MCU/ARM_GCC_Support/ewl/lib/armv6-m\libc.a(ctype_aeabi.o)
 .text.isxdigit
                0x00000000       0x20 D:/Escritorio/Semestre i/Microcontroladores/CW MCU v10.7/MCU/ARM_GCC_Support/ewl/lib/armv6-m\libc.a(ctype_aeabi.o)
 .text.isblank  0x00000000       0x28 D:/Escritorio/Semestre i/Microcontroladores/CW MCU v10.7/MCU/ARM_GCC_Support/ewl/lib/armv6-m\libc.a(ctype_aeabi.o)
 .text.tolower  0x00000000        0xe D:/Escritorio/Semestre i/Microcontroladores/CW MCU v10.7/MCU/ARM_GCC_Support/ewl/lib/armv6-m\libc.a(ctype_aeabi.o)
 .text          0x00000000        0x0 D:/Escritorio/Semestre i/Microcontroladores/CW MCU v10.7/MCU/ARM_GCC_Support/ewl/lib/armv6-m\libc.a(__strtoul.o)
 .data          0x00000000        0x0 D:/Escritorio/Semestre i/Microcontroladores/CW MCU v10.7/MCU/ARM_GCC_Support/ewl/lib/armv6-m\libc.a(__strtoul.o)
 .bss           0x00000000        0x0 D:/Escritorio/Semestre i/Microcontroladores/CW MCU v10.7/MCU/ARM_GCC_Support/ewl/lib/armv6-m\libc.a(__strtoul.o)
 .text          0x00000000        0x0 D:/Escritorio/Semestre i/Microcontroladores/CW MCU v10.7/MCU/ARM_GCC_Support/ewl/lib/armv6-m\libc.a(strchr.o)
 .data          0x00000000        0x0 D:/Escritorio/Semestre i/Microcontroladores/CW MCU v10.7/MCU/ARM_GCC_Support/ewl/lib/armv6-m\libc.a(strchr.o)
 .bss           0x00000000        0x0 D:/Escritorio/Semestre i/Microcontroladores/CW MCU v10.7/MCU/ARM_GCC_Support/ewl/lib/armv6-m\libc.a(strchr.o)
 .text          0x00000000        0x0 D:/Escritorio/Semestre i/Microcontroladores/CW MCU v10.7/MCU/ARM_GCC_Support/ewl/lib/armv6-m\libc.a(memcpy.o)
 .data          0x00000000        0x0 D:/Escritorio/Semestre i/Microcontroladores/CW MCU v10.7/MCU/ARM_GCC_Support/ewl/lib/armv6-m\libc.a(memcpy.o)
 .bss           0x00000000        0x0 D:/Escritorio/Semestre i/Microcontroladores/CW MCU v10.7/MCU/ARM_GCC_Support/ewl/lib/armv6-m\libc.a(memcpy.o)
 .text          0x00000000        0x0 D:/Escritorio/Semestre i/Microcontroladores/CW MCU v10.7/MCU/ARM_GCC_Support/ewl/lib/armv6-m\libc.a(strlen.o)
 .data          0x00000000        0x0 D:/Escritorio/Semestre i/Microcontroladores/CW MCU v10.7/MCU/ARM_GCC_Support/ewl/lib/armv6-m\libc.a(strlen.o)
 .bss           0x00000000        0x0 D:/Escritorio/Semestre i/Microcontroladores/CW MCU v10.7/MCU/ARM_GCC_Support/ewl/lib/armv6-m\libc.a(strlen.o)
 .text          0x00000000        0x0 D:/Escritorio/Semestre i/Microcontroladores/CW MCU v10.7/MCU/ARM_GCC_Support/ewl/lib/armv6-m\libc.a(memchr.o)
 .data          0x00000000        0x0 D:/Escritorio/Semestre i/Microcontroladores/CW MCU v10.7/MCU/ARM_GCC_Support/ewl/lib/armv6-m\libc.a(memchr.o)
 .bss           0x00000000        0x0 D:/Escritorio/Semestre i/Microcontroladores/CW MCU v10.7/MCU/ARM_GCC_Support/ewl/lib/armv6-m\libc.a(memchr.o)
 .data          0x00000000        0x0 d:/escritorio/semestre i/microcontroladores/cw mcu v10.7/cross_tools/arm-none-eabi-gcc-4_7_3/bin/../lib/gcc/arm-none-eabi/4.7.3/armv6-m\libgcc.a(_thumb1_case_sqi.o)
 .bss           0x00000000        0x0 d:/escritorio/semestre i/microcontroladores/cw mcu v10.7/cross_tools/arm-none-eabi-gcc-4_7_3/bin/../lib/gcc/arm-none-eabi/4.7.3/armv6-m\libgcc.a(_thumb1_case_sqi.o)
 .data          0x00000000        0x0 d:/escritorio/semestre i/microcontroladores/cw mcu v10.7/cross_tools/arm-none-eabi-gcc-4_7_3/bin/../lib/gcc/arm-none-eabi/4.7.3/armv6-m\libgcc.a(_thumb1_case_uqi.o)
 .bss           0x00000000        0x0 d:/escritorio/semestre i/microcontroladores/cw mcu v10.7/cross_tools/arm-none-eabi-gcc-4_7_3/bin/../lib/gcc/arm-none-eabi/4.7.3/armv6-m\libgcc.a(_thumb1_case_uqi.o)
 .data          0x00000000        0x0 d:/escritorio/semestre i/microcontroladores/cw mcu v10.7/cross_tools/arm-none-eabi-gcc-4_7_3/bin/../lib/gcc/arm-none-eabi/4.7.3/armv6-m\libgcc.a(_udivsi3.o)
 .bss           0x00000000        0x0 d:/escritorio/semestre i/microcontroladores/cw mcu v10.7/cross_tools/arm-none-eabi-gcc-4_7_3/bin/../lib/gcc/arm-none-eabi/4.7.3/armv6-m\libgcc.a(_udivsi3.o)
 .data          0x00000000        0x0 d:/escritorio/semestre i/microcontroladores/cw mcu v10.7/cross_tools/arm-none-eabi-gcc-4_7_3/bin/../lib/gcc/arm-none-eabi/4.7.3/armv6-m\libgcc.a(_dvmd_tls.o)
 .bss           0x00000000        0x0 d:/escritorio/semestre i/microcontroladores/cw mcu v10.7/cross_tools/arm-none-eabi-gcc-4_7_3/bin/../lib/gcc/arm-none-eabi/4.7.3/armv6-m\libgcc.a(_dvmd_tls.o)
 .text          0x00000000        0x0 D:/Escritorio/Semestre i/Microcontroladores/CW MCU v10.7/MCU/ARM_GCC_Support/ewl/lib/armv6-m\librt.a(gcc_ctor_dtor.o)
 .data          0x00000000        0x0 D:/Escritorio/Semestre i/Microcontroladores/CW MCU v10.7/MCU/ARM_GCC_Support/ewl/lib/armv6-m\librt.a(gcc_ctor_dtor.o)
 .bss           0x00000000        0x0 D:/Escritorio/Semestre i/Microcontroladores/CW MCU v10.7/MCU/ARM_GCC_Support/ewl/lib/armv6-m\librt.a(gcc_ctor_dtor.o)
 .bss.__dso_handle
                0x00000000        0x4 D:/Escritorio/Semestre i/Microcontroladores/CW MCU v10.7/MCU/ARM_GCC_Support/ewl/lib/armv6-m\librt.a(gcc_ctor_dtor.o)
 .text          0x00000000        0x0 D:/Escritorio/Semestre i/Microcontroladores/CW MCU v10.7/MCU/ARM_GCC_Support/ewl/lib/armv6-m\librt.a(__arm_eabi_init.o)
 .data          0x00000000        0x0 D:/Escritorio/Semestre i/Microcontroladores/CW MCU v10.7/MCU/ARM_GCC_Support/ewl/lib/armv6-m\librt.a(__arm_eabi_init.o)
 .bss           0x00000000        0x0 D:/Escritorio/Semestre i/Microcontroladores/CW MCU v10.7/MCU/ARM_GCC_Support/ewl/lib/armv6-m\librt.a(__arm_eabi_init.o)
 .text.__register_global_object
                0x00000000       0x14 D:/Escritorio/Semestre i/Microcontroladores/CW MCU v10.7/MCU/ARM_GCC_Support/ewl/lib/armv6-m\librt.a(__arm_eabi_init.o)
 .text.__cxa_atexit
                0x00000000       0x38 D:/Escritorio/Semestre i/Microcontroladores/CW MCU v10.7/MCU/ARM_GCC_Support/ewl/lib/armv6-m\librt.a(__arm_eabi_init.o)
 .text.__aeabi_atexit
                0x00000000        0xe D:/Escritorio/Semestre i/Microcontroladores/CW MCU v10.7/MCU/ARM_GCC_Support/ewl/lib/armv6-m\librt.a(__arm_eabi_init.o)
 .text.__register_atexit
                0x00000000        0xc D:/Escritorio/Semestre i/Microcontroladores/CW MCU v10.7/MCU/ARM_GCC_Support/ewl/lib/armv6-m\librt.a(__arm_eabi_init.o)
 .text.__init_hardware
                0x00000000        0x4 D:/Escritorio/Semestre i/Microcontroladores/CW MCU v10.7/MCU/ARM_GCC_Support/ewl/lib/armv6-m\librt.a(__arm_eabi_init.o)
 .bss.atexit_curr_func
                0x00000000        0x4 D:/Escritorio/Semestre i/Microcontroladores/CW MCU v10.7/MCU/ARM_GCC_Support/ewl/lib/armv6-m\librt.a(__arm_eabi_init.o)
 .bss.atexit_funcs
                0x00000000      0x300 D:/Escritorio/Semestre i/Microcontroladores/CW MCU v10.7/MCU/ARM_GCC_Support/ewl/lib/armv6-m\librt.a(__arm_eabi_init.o)
 .text          0x00000000        0x0 D:/Escritorio/Semestre i/Microcontroladores/CW MCU v10.7/MCU/ARM_GCC_Support/ewl/lib/armv6-m\librt.a(ROMCopy.o)
 .data          0x00000000        0x0 D:/Escritorio/Semestre i/Microcontroladores/CW MCU v10.7/MCU/ARM_GCC_Support/ewl/lib/armv6-m\librt.a(ROMCopy.o)
 .bss           0x00000000        0x0 D:/Escritorio/Semestre i/Microcontroladores/CW MCU v10.7/MCU/ARM_GCC_Support/ewl/lib/armv6-m\librt.a(ROMCopy.o)
 .text.__flush_cache
                0x00000000        0x2 D:/Escritorio/Semestre i/Microcontroladores/CW MCU v10.7/MCU/ARM_GCC_Support/ewl/lib/armv6-m\librt.a(ROMCopy.o)

Memory Configuration

Name             Origin             Length             Attributes
m_interrupts     0x00000000         0x000000c0         xr
m_cfmprotrom     0x00000400         0x00000010         xr
m_text           0x00000800         0x0001f800         xr
m_data           0x1ffff000         0x00004000         xrw
*default*        0x00000000         0xffffffff

Linker script and memory map

LOAD ./Project_Settings/Startup_Code/kinetis_sysinit.o
LOAD ./Project_Settings/Startup_Code/__arm_start.o
LOAD ./Project_Settings/Startup_Code/__arm_end.o
LOAD ./Sources/sa_mtb.o
LOAD ./Sources/main.o
LOAD ./Sources/conversion_ADC.o
LOAD ./Sources/UART_driverU.o
LOAD ./Sources/LPTMR_driver.o
LOAD ./Sources/ADC0_driver.o
                0x00000ecc                __pformatter = __pformatter_
                [0x000012f4]                __sformatter = __sformatter
START GROUP
LOAD D:/Escritorio/Semestre i/Microcontroladores/CW MCU v10.7/MCU/ARM_GCC_Support/ewl/lib/armv6-m\libc.a
LOAD D:/Escritorio/Semestre i/Microcontroladores/CW MCU v10.7/MCU/ARM_GCC_Support/ewl/lib/armv6-m\libm.a
LOAD d:/escritorio/semestre i/microcontroladores/cw mcu v10.7/cross_tools/arm-none-eabi-gcc-4_7_3/bin/../lib/gcc/arm-none-eabi/4.7.3/armv6-m\libgcc.a
LOAD D:/Escritorio/Semestre i/Microcontroladores/CW MCU v10.7/MCU/ARM_GCC_Support/ewl/lib/armv6-m\librt.a
LOAD D:/Escritorio/Semestre i/Microcontroladores/CW MCU v10.7/MCU/ARM_GCC_Support/ewl/lib/armv6-m\libuart.a
END GROUP
                0x20003000                _estack = 0x20003000
                0x20003000                __SP_INIT = _estack
                0x00000400                __heap_size = 0x400
                0x00000400                __stack_size = 0x400

.interrupts     0x00000000       0xc0
                0x00000000                __vector_table = .
                0x00000000                . = ALIGN (0x4)
 *(.vectortable)
 .vectortable   0x00000000       0xc0 ./Project_Settings/Startup_Code/kinetis_sysinit.o
                0x00000000                InterruptVector
                0x000000c0                . = ALIGN (0x4)

.cfmprotect     0x00000400        0x0
                0x00000400                . = ALIGN (0x4)
 *(.cfmconfig)
                0x00000400                . = ALIGN (0x4)

.text           0x00000800     0x1644
                0x00000800                . = ALIGN (0x4)
 *(.text)
 .text          0x00000800       0x14 d:/escritorio/semestre i/microcontroladores/cw mcu v10.7/cross_tools/arm-none-eabi-gcc-4_7_3/bin/../lib/gcc/arm-none-eabi/4.7.3/armv6-m\libgcc.a(_thumb1_case_sqi.o)
                0x00000800                __gnu_thumb1_case_sqi
 .text          0x00000814       0x14 d:/escritorio/semestre i/microcontroladores/cw mcu v10.7/cross_tools/arm-none-eabi-gcc-4_7_3/bin/../lib/gcc/arm-none-eabi/4.7.3/armv6-m\libgcc.a(_thumb1_case_uqi.o)
                0x00000814                __gnu_thumb1_case_uqi
 .text          0x00000828       0x9c d:/escritorio/semestre i/microcontroladores/cw mcu v10.7/cross_tools/arm-none-eabi-gcc-4_7_3/bin/../lib/gcc/arm-none-eabi/4.7.3/armv6-m\libgcc.a(_udivsi3.o)
                0x00000828                __aeabi_uidiv
                0x00000828                __udivsi3
                0x000008b0                __aeabi_uidivmod
 .text          0x000008c4        0x4 d:/escritorio/semestre i/microcontroladores/cw mcu v10.7/cross_tools/arm-none-eabi-gcc-4_7_3/bin/../lib/gcc/arm-none-eabi/4.7.3/armv6-m\libgcc.a(_dvmd_tls.o)
                0x000008c4                __aeabi_idiv0
                0x000008c4                __aeabi_ldiv0
 *(.text*)
 .text.Default_Handler
                0x000008c8        0xc ./Project_Settings/Startup_Code/kinetis_sysinit.o
                0x000008c8                RTC_Alarm_IRQHandler
                0x000008c8                I2C0_IRQHandler
                0x000008c8                HardFault_Handler
                0x000008c8                SysTick_Handler
                0x000008c8                PendSV_Handler
                0x000008c8                NMI_Handler
                0x000008c8                I2C1_IRQHandler
                0x000008c8                DMA2_IRQHandler
                0x000008c8                TSI0_IRQHandler
                0x000008c8                UART0_IRQHandler
                0x000008c8                ADC0_IRQHandler
                0x000008c8                SPI1_IRQHandler
                0x000008c8                PORTD_IRQHandler
                0x000008c8                LPTimer_IRQHandler
                0x000008c8                FTM1_IRQHandler
                0x000008c8                RTC_Seconds_IRQHandler
                0x000008c8                MCG_IRQHandler
                0x000008c8                Default_Handler
                0x000008c8                LLW_IRQHandler
                0x000008c8                PIT_IRQHandler
                0x000008c8                SVC_Handler
                0x000008c8                USBOTG_IRQHandler
                0x000008c8                DMA3_IRQHandler
                0x000008c8                DMA0_IRQHandler
                0x000008c8                DAC0_IRQHandler
                0x000008c8                PMC_IRQHandler
                0x000008c8                SPI0_IRQHandler
                0x000008c8                FTM0_IRQHandler
                0x000008c8                PORTA_IRQHandler
                0x000008c8                MCM_IRQHandler
                0x000008c8                FTFL_IRQHandler
                0x000008c8                FTM2_IRQHandler
                0x000008c8                CMP0_IRQHandler
                0x000008c8                DMA1_IRQHandler
 .text.__init_hardware
                0x000008d4       0x2c ./Project_Settings/Startup_Code/kinetis_sysinit.o
                0x000008d4                __init_hardware
 .text.zero_fill_bss
                0x00000900       0x24 ./Project_Settings/Startup_Code/__arm_start.o
 .text.__thumb_startup
                0x00000924       0x30 ./Project_Settings/Startup_Code/__arm_start.o
                0x00000924                __thumb_startup
 .text._ExitProcess
                0x00000954        0xc ./Project_Settings/Startup_Code/__arm_end.o
                0x00000954                _ExitProcess
 .text.main     0x00000960       0x30 ./Sources/main.o
                0x00000960                main
 .text.Prueba_recieve
                0x00000990       0x20 ./Sources/main.o
                0x00000990                Prueba_recieve
 .text.UART_Init
                0x000009b0      0x1c8 ./Sources/UART_driverU.o
                0x000009b0                UART_Init
 .text.UART1_IRQHandler
                0x00000b78       0x58 ./Sources/UART_driverU.o
                0x00000b78                UART1_IRQHandler
 .text.UART2_IRQHandler
                0x00000bd0       0x58 ./Sources/UART_driverU.o
                0x00000bd0                UART2_IRQHandler
 .text.UART_transmit
                0x00000c28       0x44 ./Sources/UART_driverU.o
                0x00000c28                UART_transmit
 .text.exit     0x00000c6c       0x38 D:/Escritorio/Semestre i/Microcontroladores/CW MCU v10.7/MCU/ARM_GCC_Support/ewl/lib/armv6-m\libc.a(exit.o)
                0x00000c6c                exit
 .text.memset   0x00000ca4        0xc D:/Escritorio/Semestre i/Microcontroladores/CW MCU v10.7/MCU/ARM_GCC_Support/ewl/lib/armv6-m\libc.a(memset.o)
                0x00000ca4                memset
 .text.__fill_mem
                0x00000cb0       0x7e D:/Escritorio/Semestre i/Microcontroladores/CW MCU v10.7/MCU/ARM_GCC_Support/ewl/lib/armv6-m\libc.a(__filll_mem.o)
                0x00000cb0                __fill_mem
 *fill*         0x00000d2e        0x2 00
 .text.long2str.isra.0
                0x00000d30      0x19c D:/Escritorio/Semestre i/Microcontroladores/CW MCU v10.7/MCU/ARM_GCC_Support/ewl/lib/armv6-m\libc.a(printformat_.o)
 .text.__pformatter_
                0x00000ecc      0x428 D:/Escritorio/Semestre i/Microcontroladores/CW MCU v10.7/MCU/ARM_GCC_Support/ewl/lib/armv6-m\libc.a(printformat_.o)
                0x00000ecc                __pformatter_
 .text.__sformatter
                0x000012f4      0x698 D:/Escritorio/Semestre i/Microcontroladores/CW MCU v10.7/MCU/ARM_GCC_Support/ewl/lib/armv6-m\libc.a(scanformat_.o)
                0x000012f4                __sformatter
 .text.isalpha  0x0000198c       0x20 D:/Escritorio/Semestre i/Microcontroladores/CW MCU v10.7/MCU/ARM_GCC_Support/ewl/lib/armv6-m\libc.a(ctype_aeabi.o)
                0x0000198c                isalpha
 .text.isspace  0x000019ac       0x20 D:/Escritorio/Semestre i/Microcontroladores/CW MCU v10.7/MCU/ARM_GCC_Support/ewl/lib/armv6-m\libc.a(ctype_aeabi.o)
                0x000019ac                isspace
 .text.toupper  0x000019cc        0xe D:/Escritorio/Semestre i/Microcontroladores/CW MCU v10.7/MCU/ARM_GCC_Support/ewl/lib/armv6-m\libc.a(ctype_aeabi.o)
                0x000019cc                toupper
 .text.__strtoul
                0x000019da      0x1ce D:/Escritorio/Semestre i/Microcontroladores/CW MCU v10.7/MCU/ARM_GCC_Support/ewl/lib/armv6-m\libc.a(__strtoul.o)
                0x000019da                __strtoul
 .text.strchr   0x00001ba8       0x1e D:/Escritorio/Semestre i/Microcontroladores/CW MCU v10.7/MCU/ARM_GCC_Support/ewl/lib/armv6-m\libc.a(strchr.o)
                0x00001ba8                strchr
 .text.memcpy   0x00001bc6       0x12 D:/Escritorio/Semestre i/Microcontroladores/CW MCU v10.7/MCU/ARM_GCC_Support/ewl/lib/armv6-m\libc.a(memcpy.o)
                0x00001bc6                memcpy
 .text.strlen   0x00001bd8       0x10 D:/Escritorio/Semestre i/Microcontroladores/CW MCU v10.7/MCU/ARM_GCC_Support/ewl/lib/armv6-m\libc.a(strlen.o)
                0x00001bd8                strlen
 .text.memchr   0x00001be8       0x1a D:/Escritorio/Semestre i/Microcontroladores/CW MCU v10.7/MCU/ARM_GCC_Support/ewl/lib/armv6-m\libc.a(memchr.o)
                0x00001be8                memchr
 *fill*         0x00001c02        0x2 00
 .text.__init_cpp
                0x00001c04       0x48 D:/Escritorio/Semestre i/Microcontroladores/CW MCU v10.7/MCU/ARM_GCC_Support/ewl/lib/armv6-m\librt.a(gcc_ctor_dtor.o)
                0x00001c04                __init_cpp
 .text.__fini_cpp
                0x00001c4c       0x34 D:/Escritorio/Semestre i/Microcontroladores/CW MCU v10.7/MCU/ARM_GCC_Support/ewl/lib/armv6-m\librt.a(gcc_ctor_dtor.o)
                0x00001c4c                __fini_cpp
 .text.__destroy_global_chain
                0x00001c80       0x1c D:/Escritorio/Semestre i/Microcontroladores/CW MCU v10.7/MCU/ARM_GCC_Support/ewl/lib/armv6-m\librt.a(__arm_eabi_init.o)
                0x00001c80                __destroy_global_chain
 .text.__init_registers
                0x00001c9c       0x1c D:/Escritorio/Semestre i/Microcontroladores/CW MCU v10.7/MCU/ARM_GCC_Support/ewl/lib/armv6-m\librt.a(__arm_eabi_init.o)
                0x00001c9c                __init_registers
 .text.__init_user
                0x00001cb8        0x4 D:/Escritorio/Semestre i/Microcontroladores/CW MCU v10.7/MCU/ARM_GCC_Support/ewl/lib/armv6-m\librt.a(__arm_eabi_init.o)
                0x00001cb8                __init_user
 .text.__copy_rom_section
                0x00001cbc       0x48 D:/Escritorio/Semestre i/Microcontroladores/CW MCU v10.7/MCU/ARM_GCC_Support/ewl/lib/armv6-m\librt.a(ROMCopy.o)
                0x00001cbc                __copy_rom_section
 .text.__copy_rom_sections_to_ram
                0x00001d04       0x34 D:/Escritorio/Semestre i/Microcontroladores/CW MCU v10.7/MCU/ARM_GCC_Support/ewl/lib/armv6-m\librt.a(ROMCopy.o)
                0x00001d04                __copy_rom_sections_to_ram
 *(.rodata)
 *(.rodata*)
 .rodata.str1.1
                0x00001d38        0x1 D:/Escritorio/Semestre i/Microcontroladores/CW MCU v10.7/MCU/ARM_GCC_Support/ewl/lib/armv6-m\libc.a(printformat_.o)
 .rodata.CSWTCH.20
                0x00001d39        0x5 D:/Escritorio/Semestre i/Microcontroladores/CW MCU v10.7/MCU/ARM_GCC_Support/ewl/lib/armv6-m\libc.a(printformat_.o)
 .rodata.CSWTCH.21
                0x00001d3e        0x5 D:/Escritorio/Semestre i/Microcontroladores/CW MCU v10.7/MCU/ARM_GCC_Support/ewl/lib/armv6-m\libc.a(printformat_.o)
 .rodata.__aeabi_ctype_table_C
                0x00001d43      0x101 D:/Escritorio/Semestre i/Microcontroladores/CW MCU v10.7/MCU/ARM_GCC_Support/ewl/lib/armv6-m\libc.a(ctype_aeabi.o)
                0x00001d43                __aeabi_ctype_table_C
 *(.glue_7)
 .glue_7        0x00000000        0x0 linker stubs
 *(.glue_7t)
 .glue_7t       0x00000000        0x0 linker stubs
 *(.eh_frame)
 *(.init)
 *(.fini)
                0x00001e44                . = ALIGN (0x4)
                0x00001e44                _etext = .

.vfp11_veneer   0x00001e44        0x0
 .vfp11_veneer  0x00000000        0x0 linker stubs

.v4_bx          0x00001e44        0x0
 .v4_bx         0x00000000        0x0 linker stubs

.iplt           0x00001e44        0x0
 .iplt          0x00000000        0x0 ./Project_Settings/Startup_Code/kinetis_sysinit.o

.rel.dyn        0x00001e44        0x0
 .rel.iplt      0x00000000        0x0 ./Project_Settings/Startup_Code/kinetis_sysinit.o

.ARM.extab
 *(.ARM.extab* .gnu.linkonce.armextab.*)

.ARM            0x00001e44        0x0
                0x00001e44                __exidx_start = .
 *(.ARM.exidx*)
                0x00001e44                __exidx_end = .

.ctors          0x00001e44        0x0
                0x00001e44                __CTOR_LIST__ = .
 *crtbegin.o(.ctors)
 *(EXCLUDE_FILE(*crtend.o) .ctors)
 *(SORT(.ctors.*))
 *(.ctors)
                0x00001e44                __CTOR_END__ = .

.dtors          0x00001e44        0x0
                0x00001e44                __DTOR_LIST__ = .
 *crtbegin.o(.dtors)
 *(EXCLUDE_FILE(*crtend.o) .dtors)
 *(SORT(.dtors.*))
 *(.dtors)
                0x00001e44                __DTOR_END__ = .

.preinit_array  0x00001e44        0x0
                0x00001e44                PROVIDE (__preinit_array_start, .)
 *(.preinit_array*)
                0x00001e44                PROVIDE (__preinit_array_end, .)

.init_array     0x00001e44        0x0
                0x00001e44                PROVIDE (__init_array_start, .)
 *(SORT(.init_array.*))
 *(.init_array*)
                0x00001e44                PROVIDE (__init_array_end, .)

.fini_array     0x00001e44        0x0
                0x00001e44                PROVIDE (__fini_array_start, .)
 *(SORT(.fini_array.*))
 *(.fini_array*)
                0x00001e44                PROVIDE (__fini_array_end, .)
                0x00001e44                ___ROM_AT = .

.mtb            0x1ffff000        0x0
                0x1ffff000                . = ALIGN (0x8)
                0x1ffff000                _mtb_start = .
 *(.mtb_buf)
                0x1ffff000                . = ALIGN (0x8)
                0x1ffff000                _mtb_end = .

.data           0x1ffff000        0x4 load address 0x00001e44
                0x1ffff000                . = ALIGN (0x4)
                0x1ffff000                _sdata = .
 *(.data)
 *(.data*)
 .data.Buffer   0x1ffff000        0x1 ./Sources/main.o
                0x1ffff000                Buffer
                0x1ffff004                . = ALIGN (0x4)
 *fill*         0x1ffff001        0x3 00
                0x1ffff004                _edata = .
                0x00000004                ___data_size = (_edata - _sdata)

.igot.plt       0x1ffff004        0x0 load address 0x00001e48
 .igot.plt      0x00000000        0x0 ./Project_Settings/Startup_Code/kinetis_sysinit.o
                0x1ffff004                . = ALIGN (0x4)

.bss            0x1ffff004       0x2c load address 0x00001e48
                0x1ffff004                __START_BSS = .
                0x1ffff004                PROVIDE (__bss_start__, __START_BSS)
 *(.bss)
 *(.bss*)
 .bss.argv      0x1ffff004        0x4 ./Project_Settings/Startup_Code/__arm_start.o
 .bss.__stdio_exit
                0x1ffff008        0x4 D:/Escritorio/Semestre i/Microcontroladores/CW MCU v10.7/MCU/ARM_GCC_Support/ewl/lib/armv6-m\libc.a(exit.o)
                0x1ffff008                __stdio_exit
 .bss.__console_exit
                0x1ffff00c        0x4 D:/Escritorio/Semestre i/Microcontroladores/CW MCU v10.7/MCU/ARM_GCC_Support/ewl/lib/armv6-m\libc.a(exit.o)
                0x1ffff00c                __console_exit
 .bss.__global_destructor_chain
                0x1ffff010        0x4 D:/Escritorio/Semestre i/Microcontroladores/CW MCU v10.7/MCU/ARM_GCC_Support/ewl/lib/armv6-m\librt.a(__arm_eabi_init.o)
                0x1ffff010                __global_destructor_chain
 .bss.__S_romp  0x1ffff014        0xc D:/Escritorio/Semestre i/Microcontroladores/CW MCU v10.7/MCU/ARM_GCC_Support/ewl/lib/armv6-m\librt.a(ROMCopy.o)
 *(COMMON)
 COMMON         0x1ffff020        0x1 ./Sources/main.o
                0x1ffff020                dato
 *fill*         0x1ffff021        0x3 00
 COMMON         0x1ffff024        0xc ./Sources/UART_driverU.o
                0x1ffff024                data_recieve2
                0x1ffff028                transmisiongbl
                0x1ffff02c                data_recieve1
                0x1ffff030                . = ALIGN (0x4)
                0x1ffff030                __END_BSS = .
                0x1ffff030                PROVIDE (__bss_end__, __END_BSS)
                0x00001e48                _romp_at = (___ROM_AT + SIZEOF (.data))

.romp           0x1ffff030       0x18 load address 0x00001e48
                0x00001e48                __S_romp = _romp_at
                0x1ffff030        0x4 LONG 0x1e44 ___ROM_AT
                0x1ffff034        0x4 LONG 0x1ffff000 _sdata
                0x1ffff038        0x4 LONG 0x4 ___data_size
                0x1ffff03c        0x4 LONG 0x0
                0x1ffff040        0x4 LONG 0x0
                0x1ffff044        0x4 LONG 0x0

._user_heap_stack
                0x1ffff048      0x800 load address 0x00001e60
                0x1ffff048                . = ALIGN (0x4)
                0x1ffff048                PROVIDE (end, .)
                0x1ffff048                PROVIDE (_end, .)
                0x1ffff048                __heap_addr = .
                0x1ffff448                . = (. + __heap_size)
 *fill*         0x1ffff048      0x400 00
                0x1ffff848                . = (. + __stack_size)
 *fill*         0x1ffff448      0x400 00
                0x1ffff848                . = ALIGN (0x4)

.ARM.attributes
                0x00000000       0x31
 *(.ARM.attributes)
 .ARM.attributes
                0x00000000       0x31 ./Project_Settings/Startup_Code/kinetis_sysinit.o
 .ARM.attributes
                0x00000031       0x31 ./Project_Settings/Startup_Code/__arm_start.o
 .ARM.attributes
                0x00000062       0x31 ./Project_Settings/Startup_Code/__arm_end.o
 .ARM.attributes
                0x00000093       0x31 ./Sources/main.o
 .ARM.attributes
                0x000000c4       0x31 ./Sources/UART_driverU.o
 .ARM.attributes
                0x000000f5       0x31 D:/Escritorio/Semestre i/Microcontroladores/CW MCU v10.7/MCU/ARM_GCC_Support/ewl/lib/armv6-m\libc.a(exit.o)
 .ARM.attributes
                0x00000126       0x31 D:/Escritorio/Semestre i/Microcontroladores/CW MCU v10.7/MCU/ARM_GCC_Support/ewl/lib/armv6-m\libc.a(memset.o)
 .ARM.attributes
                0x00000157       0x31 D:/Escritorio/Semestre i/Microcontroladores/CW MCU v10.7/MCU/ARM_GCC_Support/ewl/lib/armv6-m\libc.a(__filll_mem.o)
 .ARM.attributes
                0x00000188       0x31 D:/Escritorio/Semestre i/Microcontroladores/CW MCU v10.7/MCU/ARM_GCC_Support/ewl/lib/armv6-m\libc.a(printformat_.o)
 .ARM.attributes
                0x000001b9       0x31 D:/Escritorio/Semestre i/Microcontroladores/CW MCU v10.7/MCU/ARM_GCC_Support/ewl/lib/armv6-m\libc.a(scanformat_.o)
 .ARM.attributes
                0x000001ea       0x31 D:/Escritorio/Semestre i/Microcontroladores/CW MCU v10.7/MCU/ARM_GCC_Support/ewl/lib/armv6-m\libc.a(ctype_aeabi.o)
 .ARM.attributes
                0x0000021b       0x31 D:/Escritorio/Semestre i/Microcontroladores/CW MCU v10.7/MCU/ARM_GCC_Support/ewl/lib/armv6-m\libc.a(__strtoul.o)
 .ARM.attributes
                0x0000024c       0x31 D:/Escritorio/Semestre i/Microcontroladores/CW MCU v10.7/MCU/ARM_GCC_Support/ewl/lib/armv6-m\libc.a(strchr.o)
 .ARM.attributes
                0x0000027d       0x31 D:/Escritorio/Semestre i/Microcontroladores/CW MCU v10.7/MCU/ARM_GCC_Support/ewl/lib/armv6-m\libc.a(memcpy.o)
 .ARM.attributes
                0x000002ae       0x31 D:/Escritorio/Semestre i/Microcontroladores/CW MCU v10.7/MCU/ARM_GCC_Support/ewl/lib/armv6-m\libc.a(strlen.o)
 .ARM.attributes
                0x000002df       0x31 D:/Escritorio/Semestre i/Microcontroladores/CW MCU v10.7/MCU/ARM_GCC_Support/ewl/lib/armv6-m\libc.a(memchr.o)
 .ARM.attributes
                0x00000310       0x1e d:/escritorio/semestre i/microcontroladores/cw mcu v10.7/cross_tools/arm-none-eabi-gcc-4_7_3/bin/../lib/gcc/arm-none-eabi/4.7.3/armv6-m\libgcc.a(_thumb1_case_sqi.o)
 .ARM.attributes
                0x0000032e       0x1e d:/escritorio/semestre i/microcontroladores/cw mcu v10.7/cross_tools/arm-none-eabi-gcc-4_7_3/bin/../lib/gcc/arm-none-eabi/4.7.3/armv6-m\libgcc.a(_thumb1_case_uqi.o)
 .ARM.attributes
                0x0000034c       0x1e d:/escritorio/semestre i/microcontroladores/cw mcu v10.7/cross_tools/arm-none-eabi-gcc-4_7_3/bin/../lib/gcc/arm-none-eabi/4.7.3/armv6-m\libgcc.a(_udivsi3.o)
 .ARM.attributes
                0x0000036a       0x1e d:/escritorio/semestre i/microcontroladores/cw mcu v10.7/cross_tools/arm-none-eabi-gcc-4_7_3/bin/../lib/gcc/arm-none-eabi/4.7.3/armv6-m\libgcc.a(_dvmd_tls.o)
 .ARM.attributes
                0x00000388       0x31 D:/Escritorio/Semestre i/Microcontroladores/CW MCU v10.7/MCU/ARM_GCC_Support/ewl/lib/armv6-m\librt.a(gcc_ctor_dtor.o)
 .ARM.attributes
                0x000003b9       0x31 D:/Escritorio/Semestre i/Microcontroladores/CW MCU v10.7/MCU/ARM_GCC_Support/ewl/lib/armv6-m\librt.a(__arm_eabi_init.o)
 .ARM.attributes
                0x000003ea       0x31 D:/Escritorio/Semestre i/Microcontroladores/CW MCU v10.7/MCU/ARM_GCC_Support/ewl/lib/armv6-m\librt.a(ROMCopy.o)
OUTPUT(UART_driverU.elf elf32-littlearm)

.debug_info     0x00000000     0x295e
 .debug_info    0x00000000      0x447 ./Project_Settings/Startup_Code/kinetis_sysinit.o
 .debug_info    0x00000447      0x12a ./Project_Settings/Startup_Code/__arm_start.o
 .debug_info    0x00000571       0x54 ./Project_Settings/Startup_Code/__arm_end.o
 .debug_info    0x000005c5      0x187 ./Sources/main.o
 .debug_info    0x0000074c      0x5fa ./Sources/UART_driverU.o
 .debug_info    0x00000d46       0xe8 D:/Escritorio/Semestre i/Microcontroladores/CW MCU v10.7/MCU/ARM_GCC_Support/ewl/lib/armv6-m\libc.a(exit.o)
 .debug_info    0x00000e2e       0xec D:/Escritorio/Semestre i/Microcontroladores/CW MCU v10.7/MCU/ARM_GCC_Support/ewl/lib/armv6-m\libc.a(memset.o)
 .debug_info    0x00000f1a      0x137 D:/Escritorio/Semestre i/Microcontroladores/CW MCU v10.7/MCU/ARM_GCC_Support/ewl/lib/armv6-m\libc.a(__filll_mem.o)
 .debug_info    0x00001051      0x50d D:/Escritorio/Semestre i/Microcontroladores/CW MCU v10.7/MCU/ARM_GCC_Support/ewl/lib/armv6-m\libc.a(printformat_.o)
 .debug_info    0x0000155e      0x568 D:/Escritorio/Semestre i/Microcontroladores/CW MCU v10.7/MCU/ARM_GCC_Support/ewl/lib/armv6-m\libc.a(scanformat_.o)
 .debug_info    0x00001ac6      0x313 D:/Escritorio/Semestre i/Microcontroladores/CW MCU v10.7/MCU/ARM_GCC_Support/ewl/lib/armv6-m\libc.a(ctype_aeabi.o)
 .debug_info    0x00001dd9      0x1d6 D:/Escritorio/Semestre i/Microcontroladores/CW MCU v10.7/MCU/ARM_GCC_Support/ewl/lib/armv6-m\libc.a(__strtoul.o)
 .debug_info    0x00001faf      0x10b D:/Escritorio/Semestre i/Microcontroladores/CW MCU v10.7/MCU/ARM_GCC_Support/ewl/lib/armv6-m\libc.a(strchr.o)
 .debug_info    0x000020ba      0x10f D:/Escritorio/Semestre i/Microcontroladores/CW MCU v10.7/MCU/ARM_GCC_Support/ewl/lib/armv6-m\libc.a(memcpy.o)
 .debug_info    0x000021c9       0xea D:/Escritorio/Semestre i/Microcontroladores/CW MCU v10.7/MCU/ARM_GCC_Support/ewl/lib/armv6-m\libc.a(strlen.o)
 .debug_info    0x000022b3      0x121 D:/Escritorio/Semestre i/Microcontroladores/CW MCU v10.7/MCU/ARM_GCC_Support/ewl/lib/armv6-m\libc.a(memchr.o)
 .debug_info    0x000023d4      0x136 D:/Escritorio/Semestre i/Microcontroladores/CW MCU v10.7/MCU/ARM_GCC_Support/ewl/lib/armv6-m\librt.a(gcc_ctor_dtor.o)
 .debug_info    0x0000250a      0x2b9 D:/Escritorio/Semestre i/Microcontroladores/CW MCU v10.7/MCU/ARM_GCC_Support/ewl/lib/armv6-m\librt.a(__arm_eabi_init.o)
 .debug_info    0x000027c3      0x19b D:/Escritorio/Semestre i/Microcontroladores/CW MCU v10.7/MCU/ARM_GCC_Support/ewl/lib/armv6-m\librt.a(ROMCopy.o)

.debug_abbrev   0x00000000      0xfdd
 .debug_abbrev  0x00000000       0xe7 ./Project_Settings/Startup_Code/kinetis_sysinit.o
 .debug_abbrev  0x000000e7       0x92 ./Project_Settings/Startup_Code/__arm_start.o
 .debug_abbrev  0x00000179       0x4c ./Project_Settings/Startup_Code/__arm_end.o
 .debug_abbrev  0x000001c5       0xbe ./Sources/main.o
 .debug_abbrev  0x00000283      0x12c ./Sources/UART_driverU.o
 .debug_abbrev  0x000003af       0x7a D:/Escritorio/Semestre i/Microcontroladores/CW MCU v10.7/MCU/ARM_GCC_Support/ewl/lib/armv6-m\libc.a(exit.o)
 .debug_abbrev  0x00000429       0x62 D:/Escritorio/Semestre i/Microcontroladores/CW MCU v10.7/MCU/ARM_GCC_Support/ewl/lib/armv6-m\libc.a(memset.o)
 .debug_abbrev  0x0000048b       0x78 D:/Escritorio/Semestre i/Microcontroladores/CW MCU v10.7/MCU/ARM_GCC_Support/ewl/lib/armv6-m\libc.a(__filll_mem.o)
 .debug_abbrev  0x00000503      0x200 D:/Escritorio/Semestre i/Microcontroladores/CW MCU v10.7/MCU/ARM_GCC_Support/ewl/lib/armv6-m\libc.a(printformat_.o)
 .debug_abbrev  0x00000703      0x1f0 D:/Escritorio/Semestre i/Microcontroladores/CW MCU v10.7/MCU/ARM_GCC_Support/ewl/lib/armv6-m\libc.a(scanformat_.o)
 .debug_abbrev  0x000008f3       0x9e D:/Escritorio/Semestre i/Microcontroladores/CW MCU v10.7/MCU/ARM_GCC_Support/ewl/lib/armv6-m\libc.a(ctype_aeabi.o)
 .debug_abbrev  0x00000991       0xc2 D:/Escritorio/Semestre i/Microcontroladores/CW MCU v10.7/MCU/ARM_GCC_Support/ewl/lib/armv6-m\libc.a(__strtoul.o)
 .debug_abbrev  0x00000a53       0x7a D:/Escritorio/Semestre i/Microcontroladores/CW MCU v10.7/MCU/ARM_GCC_Support/ewl/lib/armv6-m\libc.a(strchr.o)
 .debug_abbrev  0x00000acd       0x95 D:/Escritorio/Semestre i/Microcontroladores/CW MCU v10.7/MCU/ARM_GCC_Support/ewl/lib/armv6-m\libc.a(memcpy.o)
 .debug_abbrev  0x00000b62       0x7a D:/Escritorio/Semestre i/Microcontroladores/CW MCU v10.7/MCU/ARM_GCC_Support/ewl/lib/armv6-m\libc.a(strlen.o)
 .debug_abbrev  0x00000bdc       0x95 D:/Escritorio/Semestre i/Microcontroladores/CW MCU v10.7/MCU/ARM_GCC_Support/ewl/lib/armv6-m\libc.a(memchr.o)
 .debug_abbrev  0x00000c71       0x99 D:/Escritorio/Semestre i/Microcontroladores/CW MCU v10.7/MCU/ARM_GCC_Support/ewl/lib/armv6-m\librt.a(gcc_ctor_dtor.o)
 .debug_abbrev  0x00000d0a      0x1b3 D:/Escritorio/Semestre i/Microcontroladores/CW MCU v10.7/MCU/ARM_GCC_Support/ewl/lib/armv6-m\librt.a(__arm_eabi_init.o)
 .debug_abbrev  0x00000ebd      0x120 D:/Escritorio/Semestre i/Microcontroladores/CW MCU v10.7/MCU/ARM_GCC_Support/ewl/lib/armv6-m\librt.a(ROMCopy.o)

.debug_loc      0x00000000     0x28d3
 .debug_loc     0x00000000       0x58 ./Project_Settings/Startup_Code/kinetis_sysinit.o
 .debug_loc     0x00000058       0x2c ./Project_Settings/Startup_Code/__arm_start.o
 .debug_loc     0x00000084       0x38 ./Project_Settings/Startup_Code/__arm_end.o
 .debug_loc     0x000000bc       0x64 ./Sources/main.o
 .debug_loc     0x00000120       0xc8 ./Sources/UART_driverU.o
 .debug_loc     0x000001e8       0x3e D:/Escritorio/Semestre i/Microcontroladores/CW MCU v10.7/MCU/ARM_GCC_Support/ewl/lib/armv6-m\libc.a(exit.o)
 .debug_loc     0x00000226       0x6f D:/Escritorio/Semestre i/Microcontroladores/CW MCU v10.7/MCU/ARM_GCC_Support/ewl/lib/armv6-m\libc.a(memset.o)
 .debug_loc     0x00000295      0x14a D:/Escritorio/Semestre i/Microcontroladores/CW MCU v10.7/MCU/ARM_GCC_Support/ewl/lib/armv6-m\libc.a(__filll_mem.o)
 .debug_loc     0x000003df     0x104b D:/Escritorio/Semestre i/Microcontroladores/CW MCU v10.7/MCU/ARM_GCC_Support/ewl/lib/armv6-m\libc.a(printformat_.o)
 .debug_loc     0x0000142a      0x9d8 D:/Escritorio/Semestre i/Microcontroladores/CW MCU v10.7/MCU/ARM_GCC_Support/ewl/lib/armv6-m\libc.a(scanformat_.o)
 .debug_loc     0x00001e02      0x30d D:/Escritorio/Semestre i/Microcontroladores/CW MCU v10.7/MCU/ARM_GCC_Support/ewl/lib/armv6-m\libc.a(ctype_aeabi.o)
 .debug_loc     0x0000210f      0x305 D:/Escritorio/Semestre i/Microcontroladores/CW MCU v10.7/MCU/ARM_GCC_Support/ewl/lib/armv6-m\libc.a(__strtoul.o)
 .debug_loc     0x00002414       0xaf D:/Escritorio/Semestre i/Microcontroladores/CW MCU v10.7/MCU/ARM_GCC_Support/ewl/lib/armv6-m\libc.a(strchr.o)
 .debug_loc     0x000024c3       0x59 D:/Escritorio/Semestre i/Microcontroladores/CW MCU v10.7/MCU/ARM_GCC_Support/ewl/lib/armv6-m\libc.a(memcpy.o)
 .debug_loc     0x0000251c       0x33 D:/Escritorio/Semestre i/Microcontroladores/CW MCU v10.7/MCU/ARM_GCC_Support/ewl/lib/armv6-m\libc.a(strlen.o)
 .debug_loc     0x0000254f       0x77 D:/Escritorio/Semestre i/Microcontroladores/CW MCU v10.7/MCU/ARM_GCC_Support/ewl/lib/armv6-m\libc.a(memchr.o)
 .debug_loc     0x000025c6       0x9d D:/Escritorio/Semestre i/Microcontroladores/CW MCU v10.7/MCU/ARM_GCC_Support/ewl/lib/armv6-m\librt.a(gcc_ctor_dtor.o)
 .debug_loc     0x00002663      0x197 D:/Escritorio/Semestre i/Microcontroladores/CW MCU v10.7/MCU/ARM_GCC_Support/ewl/lib/armv6-m\librt.a(__arm_eabi_init.o)
 .debug_loc     0x000027fa       0xd9 D:/Escritorio/Semestre i/Microcontroladores/CW MCU v10.7/MCU/ARM_GCC_Support/ewl/lib/armv6-m\librt.a(ROMCopy.o)

.debug_aranges  0x00000000      0x358
 .debug_aranges
                0x00000000       0x28 ./Project_Settings/Startup_Code/kinetis_sysinit.o
 .debug_aranges
                0x00000028       0x30 ./Project_Settings/Startup_Code/__arm_start.o
 .debug_aranges
                0x00000058       0x20 ./Project_Settings/Startup_Code/__arm_end.o
 .debug_aranges
                0x00000078       0x28 ./Sources/main.o
 .debug_aranges
                0x000000a0       0x38 ./Sources/UART_driverU.o
 .debug_aranges
                0x000000d8       0x20 D:/Escritorio/Semestre i/Microcontroladores/CW MCU v10.7/MCU/ARM_GCC_Support/ewl/lib/armv6-m\libc.a(exit.o)
 .debug_aranges
                0x000000f8       0x20 D:/Escritorio/Semestre i/Microcontroladores/CW MCU v10.7/MCU/ARM_GCC_Support/ewl/lib/armv6-m\libc.a(memset.o)
 .debug_aranges
                0x00000118       0x20 D:/Escritorio/Semestre i/Microcontroladores/CW MCU v10.7/MCU/ARM_GCC_Support/ewl/lib/armv6-m\libc.a(__filll_mem.o)
 .debug_aranges
                0x00000138       0x28 D:/Escritorio/Semestre i/Microcontroladores/CW MCU v10.7/MCU/ARM_GCC_Support/ewl/lib/armv6-m\libc.a(printformat_.o)
 .debug_aranges
                0x00000160       0x20 D:/Escritorio/Semestre i/Microcontroladores/CW MCU v10.7/MCU/ARM_GCC_Support/ewl/lib/armv6-m\libc.a(scanformat_.o)
 .debug_aranges
                0x00000180       0x88 D:/Escritorio/Semestre i/Microcontroladores/CW MCU v10.7/MCU/ARM_GCC_Support/ewl/lib/armv6-m\libc.a(ctype_aeabi.o)
 .debug_aranges
                0x00000208       0x20 D:/Escritorio/Semestre i/Microcontroladores/CW MCU v10.7/MCU/ARM_GCC_Support/ewl/lib/armv6-m\libc.a(__strtoul.o)
 .debug_aranges
                0x00000228       0x20 D:/Escritorio/Semestre i/Microcontroladores/CW MCU v10.7/MCU/ARM_GCC_Support/ewl/lib/armv6-m\libc.a(strchr.o)
 .debug_aranges
                0x00000248       0x20 D:/Escritorio/Semestre i/Microcontroladores/CW MCU v10.7/MCU/ARM_GCC_Support/ewl/lib/armv6-m\libc.a(memcpy.o)
 .debug_aranges
                0x00000268       0x20 D:/Escritorio/Semestre i/Microcontroladores/CW MCU v10.7/MCU/ARM_GCC_Support/ewl/lib/armv6-m\libc.a(strlen.o)
 .debug_aranges
                0x00000288       0x20 D:/Escritorio/Semestre i/Microcontroladores/CW MCU v10.7/MCU/ARM_GCC_Support/ewl/lib/armv6-m\libc.a(memchr.o)
 .debug_aranges
                0x000002a8       0x28 D:/Escritorio/Semestre i/Microcontroladores/CW MCU v10.7/MCU/ARM_GCC_Support/ewl/lib/armv6-m\librt.a(gcc_ctor_dtor.o)
 .debug_aranges
                0x000002d0       0x58 D:/Escritorio/Semestre i/Microcontroladores/CW MCU v10.7/MCU/ARM_GCC_Support/ewl/lib/armv6-m\librt.a(__arm_eabi_init.o)
 .debug_aranges
                0x00000328       0x30 D:/Escritorio/Semestre i/Microcontroladores/CW MCU v10.7/MCU/ARM_GCC_Support/ewl/lib/armv6-m\librt.a(ROMCopy.o)

.debug_macinfo  0x00000000    0x7a227
 .debug_macinfo
                0x00000000    0x264f0 ./Project_Settings/Startup_Code/kinetis_sysinit.o
 .debug_macinfo
                0x000264f0     0x3e6d ./Project_Settings/Startup_Code/__arm_start.o
 .debug_macinfo
                0x0002a35d     0x3456 ./Project_Settings/Startup_Code/__arm_end.o
 .debug_macinfo
                0x0002d7b3    0x26558 ./Sources/main.o
 .debug_macinfo
                0x00053d0b    0x2651c ./Sources/UART_driverU.o

.debug_line     0x00000000     0x1b63
 .debug_line    0x00000000      0x245 ./Project_Settings/Startup_Code/kinetis_sysinit.o
 .debug_line    0x00000245      0x2c8 ./Project_Settings/Startup_Code/__arm_start.o
 .debug_line    0x0000050d      0x2e1 ./Project_Settings/Startup_Code/__arm_end.o
 .debug_line    0x000007ee      0x221 ./Sources/main.o
 .debug_line    0x00000a0f      0x278 ./Sources/UART_driverU.o
 .debug_line    0x00000c87       0x8d D:/Escritorio/Semestre i/Microcontroladores/CW MCU v10.7/MCU/ARM_GCC_Support/ewl/lib/armv6-m\libc.a(exit.o)
 .debug_line    0x00000d14       0x90 D:/Escritorio/Semestre i/Microcontroladores/CW MCU v10.7/MCU/ARM_GCC_Support/ewl/lib/armv6-m\libc.a(memset.o)
 .debug_line    0x00000da4       0xf6 D:/Escritorio/Semestre i/Microcontroladores/CW MCU v10.7/MCU/ARM_GCC_Support/ewl/lib/armv6-m\libc.a(__filll_mem.o)
 .debug_line    0x00000e9a      0x2c3 D:/Escritorio/Semestre i/Microcontroladores/CW MCU v10.7/MCU/ARM_GCC_Support/ewl/lib/armv6-m\libc.a(printformat_.o)
 .debug_line    0x0000115d      0x2be D:/Escritorio/Semestre i/Microcontroladores/CW MCU v10.7/MCU/ARM_GCC_Support/ewl/lib/armv6-m\libc.a(scanformat_.o)
 .debug_line    0x0000141b      0x1be D:/Escritorio/Semestre i/Microcontroladores/CW MCU v10.7/MCU/ARM_GCC_Support/ewl/lib/armv6-m\libc.a(ctype_aeabi.o)
 .debug_line    0x000015d9      0x11e D:/Escritorio/Semestre i/Microcontroladores/CW MCU v10.7/MCU/ARM_GCC_Support/ewl/lib/armv6-m\libc.a(__strtoul.o)
 .debug_line    0x000016f7       0x7d D:/Escritorio/Semestre i/Microcontroladores/CW MCU v10.7/MCU/ARM_GCC_Support/ewl/lib/armv6-m\libc.a(strchr.o)
 .debug_line    0x00001774       0x8b D:/Escritorio/Semestre i/Microcontroladores/CW MCU v10.7/MCU/ARM_GCC_Support/ewl/lib/armv6-m\libc.a(memcpy.o)
 .debug_line    0x000017ff       0x85 D:/Escritorio/Semestre i/Microcontroladores/CW MCU v10.7/MCU/ARM_GCC_Support/ewl/lib/armv6-m\libc.a(strlen.o)
 .debug_line    0x00001884       0x9f D:/Escritorio/Semestre i/Microcontroladores/CW MCU v10.7/MCU/ARM_GCC_Support/ewl/lib/armv6-m\libc.a(memchr.o)
 .debug_line    0x00001923       0x6c D:/Escritorio/Semestre i/Microcontroladores/CW MCU v10.7/MCU/ARM_GCC_Support/ewl/lib/armv6-m\librt.a(gcc_ctor_dtor.o)
 .debug_line    0x0000198f      0x117 D:/Escritorio/Semestre i/Microcontroladores/CW MCU v10.7/MCU/ARM_GCC_Support/ewl/lib/armv6-m\librt.a(__arm_eabi_init.o)
 .debug_line    0x00001aa6       0xbd D:/Escritorio/Semestre i/Microcontroladores/CW MCU v10.7/MCU/ARM_GCC_Support/ewl/lib/armv6-m\librt.a(ROMCopy.o)

.debug_str      0x00000000      0xd5d
 .debug_str     0x00000000      0x288 ./Project_Settings/Startup_Code/kinetis_sysinit.o
                                0x2af (size before relaxing)
 .debug_str     0x00000288       0x85 ./Project_Settings/Startup_Code/__arm_start.o
                                0x189 (size before relaxing)
 .debug_str     0x0000030d       0x41 ./Project_Settings/Startup_Code/__arm_end.o
                                 0xc0 (size before relaxing)
 .debug_str     0x0000034e       0x52 ./Sources/main.o
                                0x155 (size before relaxing)
 .debug_str     0x000003a0      0x134 ./Sources/UART_driverU.o
                                0x338 (size before relaxing)
 .debug_str     0x000004d4       0x5a D:/Escritorio/Semestre i/Microcontroladores/CW MCU v10.7/MCU/ARM_GCC_Support/ewl/lib/armv6-m\libc.a(exit.o)
                                0x157 (size before relaxing)
 .debug_str     0x0000052e       0x23 D:/Escritorio/Semestre i/Microcontroladores/CW MCU v10.7/MCU/ARM_GCC_Support/ewl/lib/armv6-m\libc.a(memset.o)
                                0x140 (size before relaxing)
 .debug_str     0x00000551       0x2d D:/Escritorio/Semestre i/Microcontroladores/CW MCU v10.7/MCU/ARM_GCC_Support/ewl/lib/armv6-m\libc.a(__filll_mem.o)
                                0x152 (size before relaxing)
 .debug_str     0x0000057e      0x22e D:/Escritorio/Semestre i/Microcontroladores/CW MCU v10.7/MCU/ARM_GCC_Support/ewl/lib/armv6-m\libc.a(printformat_.o)
                                0x3b3 (size before relaxing)
 .debug_str     0x000007ac      0x184 D:/Escritorio/Semestre i/Microcontroladores/CW MCU v10.7/MCU/ARM_GCC_Support/ewl/lib/armv6-m\libc.a(scanformat_.o)
                                0x3f9 (size before relaxing)
 .debug_str     0x00000930       0x9d D:/Escritorio/Semestre i/Microcontroladores/CW MCU v10.7/MCU/ARM_GCC_Support/ewl/lib/armv6-m\libc.a(ctype_aeabi.o)
                                0x1bc (size before relaxing)
 .debug_str     0x000009cd       0x61 D:/Escritorio/Semestre i/Microcontroladores/CW MCU v10.7/MCU/ARM_GCC_Support/ewl/lib/armv6-m\libc.a(__strtoul.o)
                                0x1fb (size before relaxing)
 .debug_str     0x00000a2e       0x1c D:/Escritorio/Semestre i/Microcontroladores/CW MCU v10.7/MCU/ARM_GCC_Support/ewl/lib/armv6-m\libc.a(strchr.o)
                                0x137 (size before relaxing)
 .debug_str     0x00000a4a       0x1c D:/Escritorio/Semestre i/Microcontroladores/CW MCU v10.7/MCU/ARM_GCC_Support/ewl/lib/armv6-m\libc.a(memcpy.o)
                                0x138 (size before relaxing)
 .debug_str     0x00000a66       0x1c D:/Escritorio/Semestre i/Microcontroladores/CW MCU v10.7/MCU/ARM_GCC_Support/ewl/lib/armv6-m\libc.a(strlen.o)
                                0x140 (size before relaxing)
 .debug_str     0x00000a82       0x1c D:/Escritorio/Semestre i/Microcontroladores/CW MCU v10.7/MCU/ARM_GCC_Support/ewl/lib/armv6-m\libc.a(memchr.o)
                                0x148 (size before relaxing)
 .debug_str     0x00000a9e      0x126 D:/Escritorio/Semestre i/Microcontroladores/CW MCU v10.7/MCU/ARM_GCC_Support/ewl/lib/armv6-m\librt.a(gcc_ctor_dtor.o)
                                0x181 (size before relaxing)
 .debug_str     0x00000bc4       0xf8 D:/Escritorio/Semestre i/Microcontroladores/CW MCU v10.7/MCU/ARM_GCC_Support/ewl/lib/armv6-m\librt.a(__arm_eabi_init.o)
                                0x1b5 (size before relaxing)
 .debug_str     0x00000cbc       0xa1 D:/Escritorio/Semestre i/Microcontroladores/CW MCU v10.7/MCU/ARM_GCC_Support/ewl/lib/armv6-m\librt.a(ROMCopy.o)
                                0x13c (size before relaxing)

.comment        0x00000000       0x79
 .comment       0x00000000       0x79 ./Project_Settings/Startup_Code/kinetis_sysinit.o
                                 0x7a (size before relaxing)
 .comment       0x00000000       0x7a ./Project_Settings/Startup_Code/__arm_start.o
 .comment       0x00000000       0x7a ./Project_Settings/Startup_Code/__arm_end.o
 .comment       0x00000000       0x7a ./Sources/main.o
 .comment       0x00000000       0x7a ./Sources/UART_driverU.o
 .comment       0x00000000       0x7a D:/Escritorio/Semestre i/Microcontroladores/CW MCU v10.7/MCU/ARM_GCC_Support/ewl/lib/armv6-m\libc.a(exit.o)
 .comment       0x00000000       0x7a D:/Escritorio/Semestre i/Microcontroladores/CW MCU v10.7/MCU/ARM_GCC_Support/ewl/lib/armv6-m\libc.a(memset.o)
 .comment       0x00000000       0x7a D:/Escritorio/Semestre i/Microcontroladores/CW MCU v10.7/MCU/ARM_GCC_Support/ewl/lib/armv6-m\libc.a(__filll_mem.o)
 .comment       0x00000000       0x7a D:/Escritorio/Semestre i/Microcontroladores/CW MCU v10.7/MCU/ARM_GCC_Support/ewl/lib/armv6-m\libc.a(printformat_.o)
 .comment       0x00000000       0x7a D:/Escritorio/Semestre i/Microcontroladores/CW MCU v10.7/MCU/ARM_GCC_Support/ewl/lib/armv6-m\libc.a(scanformat_.o)
 .comment       0x00000000       0x7a D:/Escritorio/Semestre i/Microcontroladores/CW MCU v10.7/MCU/ARM_GCC_Support/ewl/lib/armv6-m\libc.a(ctype_aeabi.o)
 .comment       0x00000000       0x7a D:/Escritorio/Semestre i/Microcontroladores/CW MCU v10.7/MCU/ARM_GCC_Support/ewl/lib/armv6-m\libc.a(__strtoul.o)
 .comment       0x00000000       0x7a D:/Escritorio/Semestre i/Microcontroladores/CW MCU v10.7/MCU/ARM_GCC_Support/ewl/lib/armv6-m\libc.a(strchr.o)
 .comment       0x00000000       0x7a D:/Escritorio/Semestre i/Microcontroladores/CW MCU v10.7/MCU/ARM_GCC_Support/ewl/lib/armv6-m\libc.a(memcpy.o)
 .comment       0x00000000       0x7a D:/Escritorio/Semestre i/Microcontroladores/CW MCU v10.7/MCU/ARM_GCC_Support/ewl/lib/armv6-m\libc.a(strlen.o)
 .comment       0x00000000       0x7a D:/Escritorio/Semestre i/Microcontroladores/CW MCU v10.7/MCU/ARM_GCC_Support/ewl/lib/armv6-m\libc.a(memchr.o)
 .comment       0x00000000       0x7a D:/Escritorio/Semestre i/Microcontroladores/CW MCU v10.7/MCU/ARM_GCC_Support/ewl/lib/armv6-m\librt.a(gcc_ctor_dtor.o)
 .comment       0x00000000       0x7a D:/Escritorio/Semestre i/Microcontroladores/CW MCU v10.7/MCU/ARM_GCC_Support/ewl/lib/armv6-m\librt.a(__arm_eabi_init.o)
 .comment       0x00000000       0x7a D:/Escritorio/Semestre i/Microcontroladores/CW MCU v10.7/MCU/ARM_GCC_Support/ewl/lib/armv6-m\librt.a(ROMCopy.o)

.debug_frame    0x00000000      0x638
 .debug_frame   0x00000000       0x48 ./Project_Settings/Startup_Code/kinetis_sysinit.o
 .debug_frame   0x00000048       0x4c ./Project_Settings/Startup_Code/__arm_start.o
 .debug_frame   0x00000094       0x30 ./Project_Settings/Startup_Code/__arm_end.o
 .debug_frame   0x000000c4       0x4c ./Sources/main.o
 .debug_frame   0x00000110       0x88 ./Sources/UART_driverU.o
 .debug_frame   0x00000198       0x2c D:/Escritorio/Semestre i/Microcontroladores/CW MCU v10.7/MCU/ARM_GCC_Support/ewl/lib/armv6-m\libc.a(exit.o)
 .debug_frame   0x000001c4       0x28 D:/Escritorio/Semestre i/Microcontroladores/CW MCU v10.7/MCU/ARM_GCC_Support/ewl/lib/armv6-m\libc.a(memset.o)
 .debug_frame   0x000001ec       0x2c D:/Escritorio/Semestre i/Microcontroladores/CW MCU v10.7/MCU/ARM_GCC_Support/ewl/lib/armv6-m\libc.a(__filll_mem.o)
 .debug_frame   0x00000218       0x54 D:/Escritorio/Semestre i/Microcontroladores/CW MCU v10.7/MCU/ARM_GCC_Support/ewl/lib/armv6-m\libc.a(printformat_.o)
 .debug_frame   0x0000026c       0x34 D:/Escritorio/Semestre i/Microcontroladores/CW MCU v10.7/MCU/ARM_GCC_Support/ewl/lib/armv6-m\libc.a(scanformat_.o)
 .debug_frame   0x000002a0      0x158 D:/Escritorio/Semestre i/Microcontroladores/CW MCU v10.7/MCU/ARM_GCC_Support/ewl/lib/armv6-m\libc.a(ctype_aeabi.o)
 .debug_frame   0x000003f8       0x30 D:/Escritorio/Semestre i/Microcontroladores/CW MCU v10.7/MCU/ARM_GCC_Support/ewl/lib/armv6-m\libc.a(__strtoul.o)
 .debug_frame   0x00000428       0x28 D:/Escritorio/Semestre i/Microcontroladores/CW MCU v10.7/MCU/ARM_GCC_Support/ewl/lib/armv6-m\libc.a(strchr.o)
 .debug_frame   0x00000450       0x28 D:/Escritorio/Semestre i/Microcontroladores/CW MCU v10.7/MCU/ARM_GCC_Support/ewl/lib/armv6-m\libc.a(memcpy.o)
 .debug_frame   0x00000478       0x28 D:/Escritorio/Semestre i/Microcontroladores/CW MCU v10.7/MCU/ARM_GCC_Support/ewl/lib/armv6-m\libc.a(strlen.o)
 .debug_frame   0x000004a0       0x28 D:/Escritorio/Semestre i/Microcontroladores/CW MCU v10.7/MCU/ARM_GCC_Support/ewl/lib/armv6-m\libc.a(memchr.o)
 .debug_frame   0x000004c8       0x20 d:/escritorio/semestre i/microcontroladores/cw mcu v10.7/cross_tools/arm-none-eabi-gcc-4_7_3/bin/../lib/gcc/arm-none-eabi/4.7.3/armv6-m\libgcc.a(_udivsi3.o)
 .debug_frame   0x000004e8       0x40 D:/Escritorio/Semestre i/Microcontroladores/CW MCU v10.7/MCU/ARM_GCC_Support/ewl/lib/armv6-m\librt.a(gcc_ctor_dtor.o)
 .debug_frame   0x00000528       0xbc D:/Escritorio/Semestre i/Microcontroladores/CW MCU v10.7/MCU/ARM_GCC_Support/ewl/lib/armv6-m\librt.a(__arm_eabi_init.o)
 .debug_frame   0x000005e4       0x54 D:/Escritorio/Semestre i/Microcontroladores/CW MCU v10.7/MCU/ARM_GCC_Support/ewl/lib/armv6-m\librt.a(ROMCopy.o)
